2025-07-22 20:45:40,084 [INFO] metadata_path: data_engine/taskgenerate/kitchens/FloorPlan3/metadata.json
2025-07-22 20:45:40,085 [INFO] task_metadata_path: data_engine/pickup_and_put_task_metadata/FloorPlan3.json
2025-07-22 20:45:40,087 [INFO] 

*********************************************************************
2025-07-22 20:45:40,087 [INFO] Scene:FloorPlan3 Task_Type: pickup_and_put Processing_Task: 0
2025-07-22 20:45:40,087 [INFO] *********************************************************************

2025-07-22 20:45:40,087 [INFO] task: {'taskname': 'put the Tomato in the Plate', 'tasktype': 'pickup_and_put', 'metadatapath': 'taskgenerate/kitchens/FloorPlan3/metadata.json', 'actions': [{'action': 'navigate to', 'objectId': 'Sink|-01.99|+01.14|-00.98', 'objectType': 'SinkBasin', 'baseaction': '', 'reward': 1, 'relatedObject': ['Sink|-01.99|+01.14|-00.98', 'Apple|-01.75|+01.37|-01.16']}, {'action': 'pickup', 'objectId': 'Apple|-01.75|+01.37|-01.16', 'objectType': 'Apple', 'baseaction': 'pickup', 'reward': 1, 'relatedObject': ['Apple|-01.75|+01.37|-01.16']}, {'action': 'navigate to', 'objectId': 'CounterTop|-01.81|+01.36|+01.18', 'objectType': 'CounterTop', 'baseaction': '', 'reward': 1, 'relatedObject': ['CounterTop|-01.81|+01.36|+01.18', 'Plate|-01.47|+01.31|+00.24']}, {'action': 'put', 'objectId': 'Plate|-01.47|+01.31|+00.24', 'objectType': 'Plate', 'baseaction': 'put', 'reward': 1, 'relatedObject': ['CounterTop|-01.81|+01.36|+01.18', 'Plate|-01.47|+01.31|+00.24']}, {'action': 'end', 'objectId': '', 'objectType': '', 'baseaction': '', 'reward': 1, 'relatedObject': ['Sink|-01.99|+01.14|-00.98', 'Apple|-01.75|+01.37|-01.16', 'CounterTop|-01.81|+01.36|+01.18', 'Plate|-01.47|+01.31|+00.24']}], 'totalreward': 5}
2025-07-22 20:45:49,982 [INFO] Initialize return: {'cameraNearPlane': 0.009999999776482582, 'cameraFarPlane': 20.0}
2025-07-22 20:45:50,132 [INFO] Initialization succeeded
2025-07-22 20:46:20,883 [INFO] [OBSERVATION] <Observation>
I observe a modern kitchen environment. The room features a wooden countertop with various objects, including a toaster, a kettle, and a houseplant. A stainless steel sink with a faucet is present, along with a few fruits and a cutting board. There are shelves above the countertop holding bottles, glasses, and other kitchen items. The cabinet below the countertop has drawers and a dishwasher. A stove with knobs is visible on the left side, and a window is on the far wall, allowing natural light. The overall space is clean and organized, with wooden elements adding warmth to the room.
</Observation>
2025-07-22 20:46:23,828 [INFO] [INITIAL TASK PLANNING] ['Find the Tomato', 'Pick up the Tomato', 'Find the Plate', 'Put the Tomato in the Plate']
2025-07-22 20:46:25,871 [INFO] [GENERAL QUESTION] Could you provide more details about the locations of the Tomato and the Plate? Knowing their approximate positions or any obstacles in the way could help optimize the plan and ensure smoother execution.
2025-07-22 20:46:25,872 [INFO] [ROBOT QUESTION] Could you provide more details about the locations of the Tomato and the Plate? Knowing their approximate positions or any obstacles in the way could help optimize the plan and ensure smoother execution.. User Response: please find the plate first.
2025-07-22 20:46:25,873 [INFO] [RE-PLANNING BASED ON USER RESPONSE]
2025-07-22 20:46:29,474 [INFO] REPLAN?: True
2025-07-22 20:46:29,476 [INFO] Reason: The user's response indicates a preference to prioritize finding the Plate before proceeding with the Tomato. This changes the original sequence of the plan, which started with finding the Tomato. To align with the user's request and optimize the task, the plan should be adjusted to first find the Plate and then proceed with finding and picking up the Tomato. This ensures that the user's input is incorporated into the task execution.
2025-07-22 20:46:38,175 [INFO] [REPLAN] Old subgoals: ['Find the Tomato', 'Pick up the Tomato', 'Find the Plate', 'Put the Tomato in the Plate']
2025-07-22 20:46:38,177 [INFO] [REPLAN] New subgoals: ['Find the Plate', 'Find the Tomato', 'Pick up the Tomato', 'Put the Tomato in the Plate']
2025-07-22 20:47:03,364 [INFO] [SUBTASKS WITH DECISION] [{'action': 'search', 'objectType': 'plate', 'targetObject': None, 'decisionmaking': 'search plate'}, {'action': 'search', 'objectType': 'tomato', 'targetObject': None, 'decisionmaking': 'search tomato'}, {'action': 'pick_up', 'objectType': 'tomato', 'targetObject': None, 'decisionmaking': 'pick_up tomato'}, {'action': 'put', 'objectType': 'tomato', 'targetObject': 'plate', 'decisionmaking': 'put tomato plate'}, {'action': 'search', 'objectType': 'plate', 'targetObject': None, 'decisionmaking': 'search plate'}, {'action': 'search', 'objectType': 'tomato', 'targetObject': None, 'decisionmaking': 'search tomato'}, {'action': 'pick_up', 'objectType': 'tomato', 'targetObject': None, 'decisionmaking': 'pick_up tomato'}, {'action': 'put', 'objectType': 'tomato', 'targetObject': 'plate', 'decisionmaking': 'put tomato plate'}]
2025-07-22 20:53:28,599 [INFO] metadata_path: data_engine/taskgenerate/kitchens/FloorPlan3/metadata.json
2025-07-22 20:53:28,600 [INFO] task_metadata_path: data_engine/pickup_and_put_task_metadata/FloorPlan3.json
2025-07-22 20:53:28,602 [INFO] 

*********************************************************************
2025-07-22 20:53:28,602 [INFO] Scene:FloorPlan3 Task_Type: pickup_and_put Processing_Task: 0
2025-07-22 20:53:28,602 [INFO] *********************************************************************

2025-07-22 20:53:28,602 [INFO] task: {'taskname': 'put the Tomato in the Plate', 'tasktype': 'pickup_and_put', 'metadatapath': 'taskgenerate/kitchens/FloorPlan3/metadata.json', 'actions': [{'action': 'navigate to', 'objectId': 'Sink|-01.99|+01.14|-00.98', 'objectType': 'SinkBasin', 'baseaction': '', 'reward': 1, 'relatedObject': ['Sink|-01.99|+01.14|-00.98', 'Apple|-01.75|+01.37|-01.16']}, {'action': 'pickup', 'objectId': 'Apple|-01.75|+01.37|-01.16', 'objectType': 'Apple', 'baseaction': 'pickup', 'reward': 1, 'relatedObject': ['Apple|-01.75|+01.37|-01.16']}, {'action': 'navigate to', 'objectId': 'CounterTop|-01.81|+01.36|+01.18', 'objectType': 'CounterTop', 'baseaction': '', 'reward': 1, 'relatedObject': ['CounterTop|-01.81|+01.36|+01.18', 'Plate|-01.47|+01.31|+00.24']}, {'action': 'put', 'objectId': 'Plate|-01.47|+01.31|+00.24', 'objectType': 'Plate', 'baseaction': 'put', 'reward': 1, 'relatedObject': ['CounterTop|-01.81|+01.36|+01.18', 'Plate|-01.47|+01.31|+00.24']}, {'action': 'end', 'objectId': '', 'objectType': '', 'baseaction': '', 'reward': 1, 'relatedObject': ['Sink|-01.99|+01.14|-00.98', 'Apple|-01.75|+01.37|-01.16', 'CounterTop|-01.81|+01.36|+01.18', 'Plate|-01.47|+01.31|+00.24']}], 'totalreward': 5}
2025-07-22 20:53:35,515 [INFO] Initialize return: {'cameraNearPlane': 0.009999999776482582, 'cameraFarPlane': 20.0}
2025-07-22 20:53:35,622 [INFO] Initialization succeeded
2025-07-22 20:54:00,783 [INFO] [OBSERVATION] <Observation> I am observing a well-lit kitchen area with a wooden countertop. In front of me, there is a window letting in natural light. On the countertop, I see a sink with a faucet, a toaster, a kettle, a pot, and some fruits. There is a houseplant placed near the sink. The back wall features wooden shelves holding wine bottles and various kitchen items. Above the countertop, there are hanging wine glasses. The cabinet doors are visible below the countertop, and a stove burner is located to my left. A knife and a cutting board are also on the countertop. </Observation>
2025-07-22 20:54:03,560 [INFO] [INITIAL TASK PLANNING] ['Find the Tomato', 'Pick up the Tomato', 'Find the Plate', 'Put the Tomato on the Plate']
2025-07-22 20:54:06,522 [INFO] [GENERAL QUESTION] Are there any specific constraints or requirements for how the Tomato should be placed on the Plate (e.g., orientation, cleanliness, placement method)? Also, are there any particular tools or conditions that need to be considered during the task (e.g., wearing gloves, using a utensil to pick up the Tomato)?
2025-07-22 20:54:06,523 [INFO] [ROBOT QUESTION] Are there any specific constraints or requirements for how the Tomato should be placed on the Plate (e.g., orientation, cleanliness, placement method)? Also, are there any particular tools or conditions that need to be considered during the task (e.g., wearing gloves, using a utensil to pick up the Tomato)?. User Response: please find the plate first.
2025-07-22 20:54:06,523 [INFO] [RE-PLANNING BASED ON USER RESPONSE]
2025-07-22 20:54:09,952 [INFO] REPLAN?: True
2025-07-22 20:54:09,954 [INFO] Reason: The user has requested that the plate be found first. This suggests a change in the order of operations, as the original plan involves finding the Tomato before the Plate. To accommodate the user's request, the plan should be adjusted to prioritize finding the Plate before proceeding with the rest of the task. This ensures the user's preference is followed and the task aligns with their expectations.
2025-07-22 20:54:16,500 [INFO] [REPLAN] Old subgoals: ['Find the Tomato', 'Pick up the Tomato', 'Find the Plate', 'Put the Tomato on the Plate']
2025-07-22 20:54:16,501 [INFO] [REPLAN] New subgoals: ['Find the Plate', 'Find the Tomato', 'Pick up the Tomato', 'Put the Tomato on the Plate']
2025-07-22 20:55:27,145 [INFO] [DECISIONS] Generated 4 unique actions from 8 total actions
2025-07-22 20:55:27,203 [INFO] [SUBTASKS WITH DECISION] [{'action': 'search', 'objectType': 'plate', 'targetObject': None, 'decisionmaking': 'search plate'}, {'action': 'search', 'objectType': 'tomato', 'targetObject': None, 'decisionmaking': 'search tomato'}, {'action': 'pick_up', 'objectType': 'tomato', 'targetObject': None, 'decisionmaking': 'pick_up tomato'}, {'action': 'put', 'objectType': 'tomato', 'targetObject': 'plate', 'decisionmaking': 'put tomato plate'}]
2025-07-22 20:55:27,204 [INFO] [EXECUTE] search plate
2025-07-22 20:55:27,596 [INFO] [SEARCH] Found visible plate in current view
2025-07-22 20:55:27,596 [INFO] [EXECUTE] search tomato
2025-07-22 20:55:29,211 [INFO] [SEARCH] Checking Fridge
2025-07-22 20:55:31,555 [INFO] [SEARCH] Fridge is closed, opening...
2025-07-22 20:55:31,903 [INFO] [SEARCH] Found visible tomato in/on Fridge
2025-07-22 20:56:04,682 [INFO] [EXECUTE] pick_up tomato
2025-07-22 20:56:12,670 [INFO] [EXECUTE] put tomato plate
2025-07-22 20:56:12,893 [ERROR] [ERROR] Cannot find receptacle plate to put object on/in.
2025-07-22 20:56:12,895 [INFO] [VERIFICATION] Starting task verification...
2025-07-22 20:56:40,523 [INFO] [VERIFY] Saved verification image: data/data_pickup_and_put/FloorPlan3_pickup_and_put_0/verification/final_verification.png
2025-07-22 20:57:13,960 [INFO] [VERIFY] Task verification result: SUCCESS=False, CONFIDENCE=high
2025-07-22 20:57:14,487 [INFO] [VERIFY] Reason: The tomato is visible in the refrigerator, but it is not placed on a plate. Instead, it is directly on the shelf.
2025-07-22 20:57:26,049 [WARNING] [VERIFICATION] ✗ Task may not be completed. (Confidence: high)
2025-07-22 20:57:27,835 [WARNING] [VERIFICATION] Reason: The tomato is visible in the refrigerator, but it is not placed on a plate. Instead, it is directly on the shelf.
2025-07-22 20:57:34,703 [INFO] [VERIFICATION] Verification result saved to: data/data_pickup_and_put/FloorPlan3_pickup_and_put_0/verification_result.json
2025-07-22 21:04:31,895 [INFO] metadata_path: data_engine/taskgenerate/kitchens/FloorPlan3/metadata.json
2025-07-22 21:04:31,896 [INFO] task_metadata_path: data_engine/pickup_and_put_task_metadata/FloorPlan3.json
2025-07-22 21:04:31,898 [INFO] 

*********************************************************************
2025-07-22 21:04:31,899 [INFO] Scene:FloorPlan3 Task_Type: pickup_and_put Processing_Task: 0
2025-07-22 21:04:31,899 [INFO] *********************************************************************

2025-07-22 21:04:31,899 [INFO] task: {'taskname': 'put the Tomato in the Plate', 'tasktype': 'pickup_and_put', 'metadatapath': 'taskgenerate/kitchens/FloorPlan3/metadata.json', 'actions': [{'action': 'navigate to', 'objectId': 'Sink|-01.99|+01.14|-00.98', 'objectType': 'SinkBasin', 'baseaction': '', 'reward': 1, 'relatedObject': ['Sink|-01.99|+01.14|-00.98', 'Apple|-01.75|+01.37|-01.16']}, {'action': 'pickup', 'objectId': 'Apple|-01.75|+01.37|-01.16', 'objectType': 'Apple', 'baseaction': 'pickup', 'reward': 1, 'relatedObject': ['Apple|-01.75|+01.37|-01.16']}, {'action': 'navigate to', 'objectId': 'CounterTop|-01.81|+01.36|+01.18', 'objectType': 'CounterTop', 'baseaction': '', 'reward': 1, 'relatedObject': ['CounterTop|-01.81|+01.36|+01.18', 'Plate|-01.47|+01.31|+00.24']}, {'action': 'put', 'objectId': 'Plate|-01.47|+01.31|+00.24', 'objectType': 'Plate', 'baseaction': 'put', 'reward': 1, 'relatedObject': ['CounterTop|-01.81|+01.36|+01.18', 'Plate|-01.47|+01.31|+00.24']}, {'action': 'end', 'objectId': '', 'objectType': '', 'baseaction': '', 'reward': 1, 'relatedObject': ['Sink|-01.99|+01.14|-00.98', 'Apple|-01.75|+01.37|-01.16', 'CounterTop|-01.81|+01.36|+01.18', 'Plate|-01.47|+01.31|+00.24']}], 'totalreward': 5}
2025-07-22 21:04:39,465 [INFO] Initialize return: {'cameraNearPlane': 0.009999999776482582, 'cameraFarPlane': 20.0}
2025-07-22 21:04:39,593 [INFO] Initialization succeeded
2025-07-22 21:04:39,595 [INFO] [ATTEMPT 1/3] Starting task attempt
2025-07-22 21:04:39,674 [WARNING] [RESET] Failed to reset robot position on attempt 1
2025-07-22 21:05:06,049 [INFO] [OBSERVATION] <Observation>
I see a wooden countertop in front of me. On the countertop, there is a toaster, a teapot, a coffee machine, a plant, a bottle, a bowl, and a loaf of bread. To the left, there is a stove with burners. Above the countertop, there are shelves holding wine bottles and other items. There is a sink with a faucet and some vegetables on the countertop near it. A window is visible in the background, and there are cabinets below the countertop. On the far left, there is a stove with knobs. There are also wine glasses hanging from a rack. The room has a cozy, wooden interior.
</Observation>
2025-07-22 21:05:09,219 [INFO] [INITIAL TASK PLANNING] ['Find the tomato', 'Pick up the tomato', 'Find the plate', 'Put the tomato in the plate']
2025-07-22 21:05:11,895 [INFO] [GENERAL QUESTION] Could you provide any additional details about the location of the tomato or the plate? Knowing where they are likely to be found might help streamline the process. Additionally, is there anything specific about the plate (e.g., color, size, material) that could help identify it?
2025-07-22 21:05:11,897 [INFO] [ROBOT QUESTION] Could you provide any additional details about the location of the tomato or the plate? Knowing where they are likely to be found might help streamline the process. Additionally, is there anything specific about the plate (e.g., color, size, material) that could help identify it?. User Response: please find the plate first.
2025-07-22 21:05:11,898 [INFO] [RE-PLANNING BASED ON USER RESPONSE]
2025-07-22 21:05:40,133 [INFO] REPLAN?: True
2025-07-22 21:05:40,135 [INFO] Reason: The user's instruction to "find the plate first" suggests a change in the order of the planned steps. By prioritizing finding the plate first, the robot can ensure that the plate is located and ready before searching for the tomato. This could improve efficiency and prevent unnecessary searching for the plate after finding the tomato. Therefore, it is necessary to adjust the plan accordingly.
2025-07-22 21:05:56,834 [INFO] [REPLAN] Old subgoals: ['Find the tomato', 'Pick up the tomato', 'Find the plate', 'Put the tomato in the plate']
2025-07-22 21:05:56,836 [INFO] [REPLAN] New subgoals: ['Find the plate', 'Find the tomato', 'Pick up the tomato', 'Put the tomato in the plate']
2025-07-22 21:06:40,445 [INFO] [DECISIONS] Generated 4 unique actions from 4 total actions
2025-07-22 21:06:40,446 [INFO] [SUBTASKS WITH DECISION] [{'action': 'search', 'objectType': 'plate', 'targetObject': None, 'decisionmaking': 'search plate'}, {'action': 'search', 'objectType': 'tomato', 'targetObject': None, 'decisionmaking': 'search tomato'}, {'action': 'pick_up', 'objectType': 'tomato', 'targetObject': None, 'decisionmaking': 'pick_up tomato'}, {'action': 'put', 'objectType': 'tomato', 'targetObject': 'plate', 'decisionmaking': 'put tomato plate'}]
2025-07-22 21:06:52,036 [INFO] [EXECUTE] search plate
2025-07-22 21:06:52,812 [INFO] [SEARCH] Found visible plate in current view
2025-07-22 21:07:03,475 [INFO] [EXECUTE] search tomato
2025-07-22 21:07:05,434 [INFO] [SEARCH] Checking Cabinet
2025-07-22 21:07:06,898 [INFO] [SEARCH] Cabinet is closed, opening...
2025-07-22 21:07:07,154 [INFO] [SEARCH] Could not find visible tomato in/on Cabinet
2025-07-22 21:07:07,154 [INFO] [SEARCH] Checking Fridge
2025-07-22 21:07:09,119 [INFO] [SEARCH] Fridge is closed, opening...
2025-07-22 21:07:09,351 [INFO] [SEARCH] Found visible tomato in/on Fridge
2025-07-22 21:07:20,042 [INFO] [EXECUTE] pick_up tomato
2025-07-22 21:07:55,709 [INFO] [EXECUTE] put tomato plate
2025-07-22 21:08:03,192 [ERROR] [ERROR] Cannot find receptacle plate to put object on/in.
2025-07-22 21:08:03,196 [INFO] [VERIFICATION] Starting task verification...
2025-07-22 21:08:22,011 [INFO] [VERIFY] Saved verification image: data/data_pickup_and_put/FloorPlan3_pickup_and_put_0/verification/final_verification.png
2025-07-22 21:08:29,932 [INFO] [VERIFY] Task verification result: SUCCESS=False, CONFIDENCE=high
2025-07-22 21:08:29,932 [INFO] [VERIFY] Reason: The tomato is on the bottom shelf of the refrigerator, not in a plate as specified in the task.
2025-07-22 21:08:29,933 [WARNING] [VERIFICATION] ✗ Task may not be completed. (Confidence: high)
2025-07-22 21:08:29,934 [WARNING] [VERIFICATION] Reason: The tomato is on the bottom shelf of the refrigerator, not in a plate as specified in the task.
2025-07-22 21:09:42,521 [INFO] metadata_path: data_engine/taskgenerate/kitchens/FloorPlan3/metadata.json
2025-07-22 21:09:42,521 [INFO] task_metadata_path: data_engine/pickup_and_put_task_metadata/FloorPlan3.json
2025-07-22 21:09:42,523 [INFO] 

*********************************************************************
2025-07-22 21:09:42,524 [INFO] Scene:FloorPlan3 Task_Type: pickup_and_put Processing_Task: 0
2025-07-22 21:09:42,524 [INFO] *********************************************************************

2025-07-22 21:09:42,524 [INFO] task: {'taskname': 'put the Tomato in the Plate', 'tasktype': 'pickup_and_put', 'metadatapath': 'taskgenerate/kitchens/FloorPlan3/metadata.json', 'actions': [{'action': 'navigate to', 'objectId': 'Sink|-01.99|+01.14|-00.98', 'objectType': 'SinkBasin', 'baseaction': '', 'reward': 1, 'relatedObject': ['Sink|-01.99|+01.14|-00.98', 'Apple|-01.75|+01.37|-01.16']}, {'action': 'pickup', 'objectId': 'Apple|-01.75|+01.37|-01.16', 'objectType': 'Apple', 'baseaction': 'pickup', 'reward': 1, 'relatedObject': ['Apple|-01.75|+01.37|-01.16']}, {'action': 'navigate to', 'objectId': 'CounterTop|-01.81|+01.36|+01.18', 'objectType': 'CounterTop', 'baseaction': '', 'reward': 1, 'relatedObject': ['CounterTop|-01.81|+01.36|+01.18', 'Plate|-01.47|+01.31|+00.24']}, {'action': 'put', 'objectId': 'Plate|-01.47|+01.31|+00.24', 'objectType': 'Plate', 'baseaction': 'put', 'reward': 1, 'relatedObject': ['CounterTop|-01.81|+01.36|+01.18', 'Plate|-01.47|+01.31|+00.24']}, {'action': 'end', 'objectId': '', 'objectType': '', 'baseaction': '', 'reward': 1, 'relatedObject': ['Sink|-01.99|+01.14|-00.98', 'Apple|-01.75|+01.37|-01.16', 'CounterTop|-01.81|+01.36|+01.18', 'Plate|-01.47|+01.31|+00.24']}], 'totalreward': 5}
2025-07-22 21:09:49,858 [INFO] Initialize return: {'cameraNearPlane': 0.009999999776482582, 'cameraFarPlane': 20.0}
2025-07-22 21:09:49,995 [INFO] Initialization succeeded
2025-07-22 21:09:49,995 [INFO] [ATTEMPT 1/3] Starting task attempt
2025-07-22 21:09:50,062 [WARNING] [RESET] Failed to reset robot position on attempt 1
2025-07-22 21:10:03,096 [INFO] [OBSERVATION] <Observation>
In the room, I see a wooden countertop with various items including a toaster, a kettle, and a pot. There is a sink with a faucet and a cutting board nearby. A window is visible in the background, allowing natural light to enter. On the shelves above, I observe wine bottles and other kitchen essentials. The cabinets below the countertop have drawers and doors. A small houseplant is placed near the sink, adding a touch of greenery. A stove with burners is visible to the left, and there are utensils like a knife and a fork on the counter. The overall setup suggests a functional and organized kitchen space.
</Observation>
2025-07-22 21:10:05,895 [INFO] [INITIAL TASK PLANNING] ['Find the tomato', 'Pick up the tomato', 'Find the plate', 'Put the tomato on the plate']
2025-07-22 21:10:07,411 [INFO] [GENERAL QUESTION] Could you clarify whether the tomato needs to be washed or cleaned before placing it on the plate?
2025-07-22 21:10:07,412 [INFO] [ROBOT QUESTION] Could you clarify whether the tomato needs to be washed or cleaned before placing it on the plate?. User Response: please clean the tomato before put on the plate..
2025-07-22 21:10:07,412 [INFO] [RE-PLANNING BASED ON USER RESPONSE]
2025-07-22 21:10:14,232 [INFO] REPLAN?: True
2025-07-22 21:10:14,234 [INFO] Reason: The user has requested that the tomato be cleaned before placing it on the plate. This additional step was not included in the original plan, so the plan needs to be updated to accommodate this requirement. The new plan should include the step of cleaning the tomato before putting it on the plate.
2025-07-22 21:11:22,132 [INFO] [REPLAN] Old subgoals: ['Find the tomato', 'Pick up the tomato', 'Find the plate', 'Put the tomato on the plate']
2025-07-22 21:11:22,133 [INFO] [REPLAN] New subgoals: ['Find the tomato', 'Pick up the tomato', 'Go to the sink', 'Clean the tomato', 'Find the plate', 'Put the tomato on the plate']
2025-07-22 21:12:03,921 [INFO] [DECISIONS] Generated 8 unique actions from 8 total actions
2025-07-22 21:12:03,923 [INFO] [SUBTASKS WITH DECISION] [{'action': 'search', 'objectType': 'tomato', 'targetObject': None, 'decisionmaking': 'search tomato'}, {'action': 'pick_up', 'objectType': 'tomato', 'targetObject': None, 'decisionmaking': 'pick_up tomato'}, {'action': 'search', 'objectType': 'sink', 'targetObject': None, 'decisionmaking': 'search sink'}, {'action': 'toggle_on', 'objectType': 'sink', 'targetObject': None, 'decisionmaking': 'toggle_on sink'}, {'action': 'clean', 'objectType': 'tomato', 'targetObject': 'sink', 'decisionmaking': 'clean tomato sink'}, {'action': 'toggle_off', 'objectType': 'sink', 'targetObject': None, 'decisionmaking': 'toggle_off sink'}, {'action': 'search', 'objectType': 'plate', 'targetObject': None, 'decisionmaking': 'search plate'}, {'action': 'put', 'objectType': 'tomato', 'targetObject': 'plate', 'decisionmaking': 'put tomato plate'}]
2025-07-22 21:12:34,466 [INFO] [EXECUTE] search tomato
2025-07-22 21:12:36,614 [INFO] [SEARCH] Checking SinkBasin
2025-07-22 21:12:38,787 [INFO] [SEARCH] Could not find visible tomato in/on SinkBasin
2025-07-22 21:12:38,788 [INFO] [SEARCH] Checking CounterTop
2025-07-22 21:12:40,794 [INFO] [SEARCH] Could not find visible tomato in/on CounterTop
2025-07-22 21:12:40,794 [WARNING] [SEARCH] Could not find visible tomato after checking all possible locations
2025-07-22 21:12:40,794 [ERROR] [ERROR] Search failed for tomato, stopping execution.
2025-07-22 21:12:40,794 [INFO] [VERIFICATION] Starting task verification...
2025-07-22 21:14:43,841 [INFO] metadata_path: data_engine/taskgenerate/kitchens/FloorPlan3/metadata.json
2025-07-22 21:14:43,842 [INFO] task_metadata_path: data_engine/pickup_and_put_task_metadata/FloorPlan3.json
2025-07-22 21:14:43,844 [INFO] 

*********************************************************************
2025-07-22 21:14:43,844 [INFO] Scene:FloorPlan3 Task_Type: pickup_and_put Processing_Task: 0
2025-07-22 21:14:43,844 [INFO] *********************************************************************

2025-07-22 21:14:43,844 [INFO] task: {'taskname': 'put the Tomato in the Plate', 'tasktype': 'pickup_and_put', 'metadatapath': 'taskgenerate/kitchens/FloorPlan3/metadata.json', 'actions': [{'action': 'navigate to', 'objectId': 'Sink|-01.99|+01.14|-00.98', 'objectType': 'SinkBasin', 'baseaction': '', 'reward': 1, 'relatedObject': ['Sink|-01.99|+01.14|-00.98', 'Apple|-01.75|+01.37|-01.16']}, {'action': 'pickup', 'objectId': 'Apple|-01.75|+01.37|-01.16', 'objectType': 'Apple', 'baseaction': 'pickup', 'reward': 1, 'relatedObject': ['Apple|-01.75|+01.37|-01.16']}, {'action': 'navigate to', 'objectId': 'CounterTop|-01.81|+01.36|+01.18', 'objectType': 'CounterTop', 'baseaction': '', 'reward': 1, 'relatedObject': ['CounterTop|-01.81|+01.36|+01.18', 'Plate|-01.47|+01.31|+00.24']}, {'action': 'put', 'objectId': 'Plate|-01.47|+01.31|+00.24', 'objectType': 'Plate', 'baseaction': 'put', 'reward': 1, 'relatedObject': ['CounterTop|-01.81|+01.36|+01.18', 'Plate|-01.47|+01.31|+00.24']}, {'action': 'end', 'objectId': '', 'objectType': '', 'baseaction': '', 'reward': 1, 'relatedObject': ['Sink|-01.99|+01.14|-00.98', 'Apple|-01.75|+01.37|-01.16', 'CounterTop|-01.81|+01.36|+01.18', 'Plate|-01.47|+01.31|+00.24']}], 'totalreward': 5}
2025-07-22 21:14:50,644 [INFO] Initialize return: {'cameraNearPlane': 0.009999999776482582, 'cameraFarPlane': 20.0}
2025-07-22 21:14:50,810 [INFO] Initialization succeeded
2025-07-22 21:14:50,811 [INFO] [ATTEMPT 1/3] Starting task attempt
2025-07-22 21:14:50,985 [WARNING] [RESET] Failed to reset robot position on attempt 1
2025-07-22 21:15:03,837 [INFO] [OBSERVATION] <Observation>
I see a modern kitchen with a wooden countertop and a stove on the left. There is a sink with a faucet in the center, and a window above it. Various kitchen items are present, including a toaster, a rice cooker, and a kettle on the counter. To the right, there is a houseplant and a bottle of hand soap near the sink. On the wall-mounted shelves, there are wine bottles and other kitchen supplies. Below the counter, there are cabinets with drawers and a stove burner. The ceiling has recessed lighting, and the overall design is sleek and contemporary.
</Observation>
2025-07-22 21:15:09,600 [INFO] [INITIAL TASK PLANNING] ['Look around the kitchen for the Tomato.', 'Approach the Tomato and pick it up.', 'Search the countertop or nearby surfaces for a Plate.', 'Place the Tomato on the Plate.', 'If the Plate is not found, proceed to locate a clean Plate from the cabinets or dishwasher.', 'Once the Plate is found, return to the Tomato and place it on the Plate.']
2025-07-22 21:15:14,010 [INFO] [GENERAL QUESTION] Are there any specific requirements or preferences for the type of Plate (e.g., material, size, shape, or cleanliness level) that should be used for placing the Tomato? Additionally, is there a particular location or area where the final placement of the Tomato on the Plate should occur?
2025-07-22 21:15:14,013 [INFO] [ROBOT QUESTION] Are there any specific requirements or preferences for the type of Plate (e.g., material, size, shape, or cleanliness level) that should be used for placing the Tomato? Additionally, is there a particular location or area where the final placement of the Tomato on the Plate should occur?. User Response: please clean the tomato before put on the plate..
2025-07-22 21:15:14,013 [INFO] [RE-PLANNING BASED ON USER RESPONSE]
2025-07-22 21:15:21,928 [INFO] REPLAN?: True
2025-07-22 21:15:21,930 [INFO] Reason: The user has requested that the Tomato be cleaned before placing it on the Plate. This introduces a new step in the task that was not originally included in the plan. The plan needs to be updated to account for cleaning the Tomato before proceeding with placing it on the Plate. Therefore, replanning is necessary to ensure the task aligns with the user's requirements.
2025-07-22 21:15:58,639 [INFO] [REPLAN] Old subgoals: ['Look around the kitchen for the Tomato.', 'Approach the Tomato and pick it up.', 'Search the countertop or nearby surfaces for a Plate.', 'Place the Tomato on the Plate.', 'If the Plate is not found, proceed to locate a clean Plate from the cabinets or dishwasher.', 'Once the Plate is found, return to the Tomato and place it on the Plate.']
2025-07-22 21:15:58,641 [INFO] [REPLAN] New subgoals: ['Look around the kitchen for the Tomato.', 'Approach the Tomato and pick it up.', 'Take the Tomato to the sink.', 'Wash the Tomato under running water from the faucet.', 'Search the countertop or nearby surfaces for a Plate.', 'If a Plate is not found, proceed to locate a clean Plate from the cabinets or dishwasher.', 'Once the Plate is found, return to the Tomato and place the washed Tomato on the Plate.']
2025-07-22 21:16:23,391 [INFO] [DECISIONS] Generated 10 unique actions from 17 total actions
2025-07-22 21:16:23,392 [INFO] [SUBTASKS WITH DECISION] [{'action': 'search', 'objectType': 'tomato', 'targetObject': None, 'decisionmaking': 'search tomato'}, {'action': 'pick_up', 'objectType': 'tomato', 'targetObject': None, 'decisionmaking': 'pick_up tomato'}, {'action': 'toggle_on', 'objectType': 'faucet', 'targetObject': None, 'decisionmaking': 'toggle_on faucet'}, {'action': 'toggle_off', 'objectType': 'faucet', 'targetObject': None, 'decisionmaking': 'toggle_off faucet'}, {'action': 'search', 'objectType': 'plate', 'targetObject': None, 'decisionmaking': 'search plate'}, {'action': 'pick_up', 'objectType': 'plate', 'targetObject': None, 'decisionmaking': 'pick_up plate'}, {'action': 'put', 'objectType': 'tomato', 'targetObject': 'plate', 'decisionmaking': 'put tomato plate'}, {'action': 'search', 'objectType': 'cabinet', 'targetObject': None, 'decisionmaking': 'search cabinet'}, {'action': 'open', 'objectType': 'cabinet', 'targetObject': None, 'decisionmaking': 'open cabinet'}, {'action': 'close', 'objectType': 'cabinet', 'targetObject': None, 'decisionmaking': 'close cabinet'}]
2025-07-22 21:17:40,138 [INFO] metadata_path: data_engine/taskgenerate/kitchens/FloorPlan3/metadata.json
2025-07-22 21:17:40,138 [INFO] task_metadata_path: data_engine/pickup_and_put_task_metadata/FloorPlan3.json
2025-07-22 21:17:40,140 [INFO] 

*********************************************************************
2025-07-22 21:17:40,141 [INFO] Scene:FloorPlan3 Task_Type: pickup_and_put Processing_Task: 0
2025-07-22 21:17:40,141 [INFO] *********************************************************************

2025-07-22 21:17:40,141 [INFO] task: {'taskname': 'put the Tomato in the Plate', 'tasktype': 'pickup_and_put', 'metadatapath': 'taskgenerate/kitchens/FloorPlan3/metadata.json', 'actions': [{'action': 'navigate to', 'objectId': 'Sink|-01.99|+01.14|-00.98', 'objectType': 'SinkBasin', 'baseaction': '', 'reward': 1, 'relatedObject': ['Sink|-01.99|+01.14|-00.98', 'Apple|-01.75|+01.37|-01.16']}, {'action': 'pickup', 'objectId': 'Apple|-01.75|+01.37|-01.16', 'objectType': 'Apple', 'baseaction': 'pickup', 'reward': 1, 'relatedObject': ['Apple|-01.75|+01.37|-01.16']}, {'action': 'navigate to', 'objectId': 'CounterTop|-01.81|+01.36|+01.18', 'objectType': 'CounterTop', 'baseaction': '', 'reward': 1, 'relatedObject': ['CounterTop|-01.81|+01.36|+01.18', 'Plate|-01.47|+01.31|+00.24']}, {'action': 'put', 'objectId': 'Plate|-01.47|+01.31|+00.24', 'objectType': 'Plate', 'baseaction': 'put', 'reward': 1, 'relatedObject': ['CounterTop|-01.81|+01.36|+01.18', 'Plate|-01.47|+01.31|+00.24']}, {'action': 'end', 'objectId': '', 'objectType': '', 'baseaction': '', 'reward': 1, 'relatedObject': ['Sink|-01.99|+01.14|-00.98', 'Apple|-01.75|+01.37|-01.16', 'CounterTop|-01.81|+01.36|+01.18', 'Plate|-01.47|+01.31|+00.24']}], 'totalreward': 5}
2025-07-22 21:17:47,875 [INFO] Initialize return: {'cameraNearPlane': 0.009999999776482582, 'cameraFarPlane': 20.0}
2025-07-22 21:17:48,014 [INFO] Initialization succeeded
2025-07-22 21:17:48,014 [INFO] [ATTEMPT 1/3] Starting task attempt
2025-07-22 21:17:48,081 [WARNING] [RESET] Failed to reset robot position on attempt 1
2025-07-22 21:18:01,346 [INFO] [OBSERVATION] <Observation>
I see a modern kitchen with wooden elements. The room features a curved wooden countertop with various items including a toaster, a kettle, and a pot. There is a stainless steel sink with a faucet, and a houseplant sits nearby. A window is visible in the background, allowing natural light to enter. On the wall, there are shelves holding multiple bottles and a rack with wine glasses. Below the counter, there are cabinets and drawers, and a stove with red knobs is positioned on the left side. A wooden shelf hangs above the counter, holding more bottles and cups. The ceiling has recessed lights.
</Observation>
2025-07-22 21:18:05,223 [INFO] [INITIAL TASK PLANNING] ['Find the Tomato', 'Pick up the Tomato', 'Find the Plate', 'Place the Tomato on the Plate']
2025-07-22 21:18:07,679 [INFO] [GENERAL QUESTION] What specific characteristics should I use to identify the Tomato and the Plate (e.g., color, shape, size, location, or any other distinguishing features)? This information will help ensure that I correctly identify the right objects and execute the task accurately.
2025-07-22 21:18:07,680 [INFO] [ROBOT QUESTION] What specific characteristics should I use to identify the Tomato and the Plate (e.g., color, shape, size, location, or any other distinguishing features)? This information will help ensure that I correctly identify the right objects and execute the task accurately.. User Response: please clean the tomato before put on the plate..
2025-07-22 21:18:07,681 [INFO] [RE-PLANNING BASED ON USER RESPONSE]
2025-07-22 21:18:13,483 [INFO] REPLAN?: True
2025-07-22 21:18:13,485 [INFO] Reason: The user's response indicates that an additional step is required in the task: cleaning the tomato. This step was not initially included in the plan, so the plan needs to be updated to ensure the task is executed correctly according to the user's requirements.
2025-07-22 21:18:34,612 [INFO] [REPLAN] Old subgoals: ['Find the Tomato', 'Pick up the Tomato', 'Find the Plate', 'Place the Tomato on the Plate']
2025-07-22 21:18:34,614 [INFO] [REPLAN] New subgoals: ['Find the Tomato', 'Pick up the Tomato', 'Clean the Tomato', 'Find the Plate', 'Place the Tomato on the Plate', 'Clean the Tomato']
2025-07-22 21:19:02,470 [INFO] [DECISIONS] Generated 5 unique actions from 5 total actions
2025-07-22 21:19:02,472 [INFO] [SUBTASKS WITH DECISION] [{'action': 'search', 'objectType': 'Tomato', 'targetObject': None, 'decisionmaking': 'search Tomato'}, {'action': 'pick_up', 'objectType': 'Tomato', 'targetObject': None, 'decisionmaking': 'pick_up Tomato'}, {'action': 'clean', 'objectType': 'Tomato', 'targetObject': None, 'decisionmaking': 'clean Tomato'}, {'action': 'search', 'objectType': 'Plate', 'targetObject': None, 'decisionmaking': 'search Plate'}, {'action': 'put', 'objectType': 'Tomato', 'targetObject': 'Plate', 'decisionmaking': 'put Tomato Plate'}]
2025-07-22 21:21:36,574 [INFO] [EXECUTE] search Tomato
2025-07-22 21:21:40,224 [INFO] [SEARCH] Checking Cup
2025-07-22 21:21:42,133 [INFO] [SEARCH] Could not find visible Tomato in/on Cup
2025-07-22 21:21:42,133 [INFO] [SEARCH] Checking CounterTop
2025-07-22 21:21:44,416 [INFO] [SEARCH] Could not find visible Tomato in/on CounterTop
2025-07-22 21:21:44,416 [INFO] [SEARCH] Checking Knife
2025-07-22 21:21:45,990 [INFO] [SEARCH] Could not find visible Tomato in/on Knife
2025-07-22 21:21:45,990 [INFO] [SEARCH] Checking Sink
2025-07-22 21:21:47,545 [INFO] [SEARCH] Could not find visible Tomato in/on Sink
2025-07-22 21:21:47,545 [INFO] [SEARCH] Checking Fridge
2025-07-22 21:21:49,518 [INFO] [SEARCH] Fridge is closed, opening...
2025-07-22 21:21:49,763 [INFO] [SEARCH] Found visible Tomato in/on Fridge
2025-07-22 21:22:00,801 [INFO] [EXECUTE] pick_up Tomato
2025-07-22 21:22:22,391 [INFO] [EXECUTE] clean Tomato
2025-07-22 21:22:29,937 [WARNING] [SKIP] Action clean not recognized for auto-execution.
